[citylinegroup.com.tr/ru.html]
[backblue.gif]
[fade.gif]
[index.html]
[citylinegroup.com.tr/sayfa/files/images/favicon.ico]
[citylinegroup.com.tr/favicon.png]
[citylinegroup.com.tr/index90f7.html]
[citylinegroup.com.tr/sayfa/files/images/logo-dark.png]
[citylinegroup.com.tr/ru/hakkimizda.html]
[citylinegroup.com.tr/ru/vizyon_misyon.html]
[citylinegroup.com.tr/ru/kalite_politikamiz.html]
[citylinegroup.com.tr/ru/degerlerimiz.html]
[citylinegroup.com.tr/ru/insan_kaynaklari.html]
[citylinegroup.com.tr/ru/satisi_devam_eden_projeler.html]
[citylinegroup.com.tr/ru/tamamlanan_projeler.html]
[citylinegroup.com.tr/ru/medya.html]
[citylinegroup.com.tr/ru/iletisim.html]
[citylinegroup.com.tr/tr.html]
[citylinegroup.com.tr/en.html]
[citylinegroup.com.tr/sayfa/resim_cache/181-006cb5bb32f0704b1cbe719283a57f42_farkbilisim.com_2000X1335--a--.jpg]
[citylinegroup.com.tr/sayfa/resim_cache/181-0321e462f256f9c387fd41cda24b31f5_farkbilisim.com_2000X1335--a--.jpg]
[citylinegroup.com.tr/sayfa/resim_cache/181-51370c5c7ab5fc26bd2d669fc09c1da8_farkbilisim.com_2000X1333--a--.jpg]
[citylinegroup.com.tr/sayfa/resim/261-bf67438e5fb49b26bc89c87f54ff2f4c.jpg]
[citylinegroup.com.tr/sayfa/resim/261-250e45799613130f62b7de82155e0bba.jpg]
[citylinegroup.com.tr/sayfa/resim/261-ff57a3cc677db49f7da463853526c575.jpg]
[citylinegroup.com.tr/sayfa/resim/261-6a866f5a3b7a28b820f63e726b7c3fd9.jpg]
[citylinegroup.com.tr/sayfa/resim/261-241a72efea6ce1c3a92d413212daae15.jpg]
[citylinegroup.com.tr/sayfa/resim/261-5ccc0926a666b9d680b947b8e5d22a95.jpg]
[citylinegroup.com.tr/sayfa/resim/261-dc0f1f612a4ea064139d8dda6791aff6.jpg]
[citylinegroup.com.tr/sayfa/resim/261-b54f6509b7e046994b1af6263c45c309.jpg]
[citylinegroup.com.tr/sayfa/resim/261-9c9fad1ac38d5ebd1207a99bf6aed3c7.jpg]
[citylinegroup.com.tr/sayfa/resim/261-18433ad1255d3e50b848bb97bc9fa5e1.jpg]
[citylinegroup.com.tr/sayfa/resim/261-57225a46d010944c941c3b646874ac14.jpg]
[citylinegroup.com.tr/sayfa/resim/301-a7e1dd0d68dbe3d36756b2a4d0d609cd.jpg]
[citylinegroup.com.tr/ru/serenity_residence.html]
[citylinegroup.com.tr/sayfa/resim/361-e5871e891fbc8d52c7c7213188b1c82c.jpg]
[citylinegroup.com.tr/ru/serenity_royal_beach.html]
[citylinegroup.com.tr/sayfa/resim/351-31d31e0a6d7985518f141c782cb40a7a.jpg]
[citylinegroup.com.tr/ru/serenity_grand_kaptan.html]
[citylinegroup.com.tr/sayfa/resim/341-d7cb9479bea2302af6da93f9648b3926.jpg]
[citylinegroup.com.tr/ru/city_street.html]
[citylinegroup.com.tr/sayfa/upload/images/video_bg.jpg]
[citylinegroup.com.tr/tr/serenity_residence.html]
[citylinegroup.com.tr/tr/city_street.html]
[citylinegroup.com.tr/sayfa/files/js/jquery-1.12.4.min.js]
[citylinegroup.com.tr/sayfa/files/js/bootstrap.min.js]
[citylinegroup.com.tr/sayfa/files/js/magnific-popup.min.js]
[citylinegroup.com.tr/sayfa/files/js/waypoints.min.js]
[citylinegroup.com.tr/sayfa/files/js/counterup.min.js]
[citylinegroup.com.tr/sayfa/files/js/waypoints-sticky.min.js]
[citylinegroup.com.tr/sayfa/files/js/isotope.pkgd.min.js]
[www.farkbilisim.com/web_api/fark/OwlCarousel2-2.3.4/dist/owl.carousel.min.js]
[citylinegroup.com.tr/sayfa/files/js/jquery.owl-filter.js]
[citylinegroup.com.tr/sayfa/files/js/stellar.min.js]
[citylinegroup.com.tr/sayfa/files/js/custom.js]
[citylinegroup.com.tr/sayfa/files/js/shortcode.js]
[citylinegroup.com.tr/sayfa/files/plugins/revolution/revolution/js/jquery.themepunch.tools.min.js]
[citylinegroup.com.tr/sayfa/files/plugins/revolution/revolution/js/jquery.themepunch.revolution.min.js]
[citylinegroup.com.tr/sayfa/files/plugins/revolution/revolution/js/extensions/revolution-plugin.js]
[citylinegroup.com.tr/sayfa/files/js/rev-script-1.js]
[citylinegroup.com.tr/ru.html]
[fonts.googleapis.com/csscafc.css]
[fonts.googleapis.com/css5b2f.css]
[citylinegroup.com.tr/sayfa/resim_cache/181-006cb5bb32f0704b1cbe719283a57f42_farkbilisim.com_2000X1335--a-4-.jpg]
[citylinegroup.com.tr/sayfa/resim_cache/181-0321e462f256f9c387fd41cda24b31f5_farkbilisim.com_2000X1335--a-4-.jpg]
[citylinegroup.com.tr/index90f7.html]
[citylinegroup.com.tr/sayfa/resim_cache/181-51370c5c7ab5fc26bd2d669fc09c1da8_farkbilisim.com_2000X1333--a-4-.jpg]
[citylinegroup.com.tr/sayfa/files/images/banner/3.jpg]
[citylinegroup.com.tr/ru/ru/serenity_grand_kaptan.html]
[citylinegroup.com.tr/ru/ru/serenity_royal_beach.html]
[citylinegroup.com.tr/ru/hakkimizda.html]
[citylinegroup.com.tr/ru/vizyon_misyon.html]
[citylinegroup.com.tr/ru/kalite_politikamiz.html]
[citylinegroup.com.tr/ru/degerlerimiz.html]
[citylinegroup.com.tr/ru/insan_kaynaklari.html]
[citylinegroup.com.tr/ru/satisi_devam_eden_projeler.html]
[citylinegroup.com.tr/sayfa/resim_cache/131-c1efabd1bb493082c69f441deb1206ac_farkbilisim.com_750X561--a--a.jpg]
[citylinegroup.com.tr/ru/exodus_residence.html]
[citylinegroup.com.tr/sayfa/resim_cache/141-19984407128c361c03ff149edc3ce3d0_farkbilisim.com_750X562--a--a.jpg]
[citylinegroup.com.tr/ru/city_marina.html]
[citylinegroup.com.tr/sayfa/resim_cache/151-dc19d68ef92cebc7f7e42e483bbc1ed2_farkbilisim.com_750X562--a--.jpg]
[citylinegroup.com.tr/sayfa/resim_cache/161-3b637fb6d950fa095a9cbfa07fe4dc4d_farkbilisim.com_750X562--a--.jpg]
[citylinegroup.com.tr/sayfa/resim_cache/171-5b2bb0d8da7334aab5a6b4f129796549_farkbilisim.com_750X562--a--.jpg]
[citylinegroup.com.tr/sayfa/resim_cache/311-31cf6b452e0afd2e837e21e6a265099a_farkbilisim.com_750X421--a--a.jpg]
[citylinegroup.com.tr/ru/city_office.html]
[citylinegroup.com.tr/sayfa/resim_cache/331-7bbb1701d9f0d5c192afc771a58d350e_farkbilisim.com_750X562--a--a.jpg]
[citylinegroup.com.tr/ru/exodus_park_.html]
[citylinegroup.com.tr/ru/tamamlanan_projeler.html]
[citylinegroup.com.tr/sayfa/upload/images/citylinegroup.png]
[citylinegroup.com.tr/ru/medya.html]
[citylinegroup.com.tr/sayfa/upload/images/serenity.png]
[citylinegroup.com.tr/ru/iletisim.html]
[citylinegroup.com.tr/sayfa/files/images/marker.png]
[citylinegroup.com.tr/index8eee.html]
[citylinegroup.com.tr/tr/hakkimizda.html]
[citylinegroup.com.tr/tr/vizyon_misyon.html]
[citylinegroup.com.tr/tr/kalite_politikamiz.html]
[citylinegroup.com.tr/tr/degerlerimiz.html]
[citylinegroup.com.tr/tr/insan_kaynaklari.html]
[citylinegroup.com.tr/tr/satisi_devam_eden_projeler.html]
[citylinegroup.com.tr/tr/tamamlanan_projeler.html]
[citylinegroup.com.tr/tr/medya.html]
[citylinegroup.com.tr/tr/iletisim.html]
[citylinegroup.com.tr/sayfa/resim_cache/181-006cb5bb32f0704b1cbe719283a57f42_farkbilisim.com_2000X1335--a--a.jpg]
[citylinegroup.com.tr/sayfa/resim_cache/181-0321e462f256f9c387fd41cda24b31f5_farkbilisim.com_2000X1335--a--a.jpg]
[citylinegroup.com.tr/sayfa/resim_cache/181-51370c5c7ab5fc26bd2d669fc09c1da8_farkbilisim.com_2000X1333--a--a.jpg]
[citylinegroup.com.tr/tr/serenity_royal_beach.html]
[citylinegroup.com.tr/tr/serenity_grand_kaptan.html]
[citylinegroup.com.tr/tr.html]
[citylinegroup.com.tr/indexb6f1.html]
[citylinegroup.com.tr/en/hakkimizda.html]
[citylinegroup.com.tr/en/vizyon_misyon.html]
[citylinegroup.com.tr/en/kalite_politikamiz.html]
[citylinegroup.com.tr/en/degerlerimiz.html]
[citylinegroup.com.tr/en/insan_kaynaklari.html]
[citylinegroup.com.tr/en/satisi_devam_eden_projeler.html]
[citylinegroup.com.tr/en/tamamlanan_projeler.html]
[citylinegroup.com.tr/en/medya.html]
[citylinegroup.com.tr/en/iletisim.html]
[citylinegroup.com.tr/en/serenity_residence.html]
[citylinegroup.com.tr/en/serenity_royal_beach.html]
[citylinegroup.com.tr/en/city_street.html]
[citylinegroup.com.tr/en/serenity_grand_kaptan.html]
[citylinegroup.com.tr/en.html]
[citylinegroup.com.tr/sayfa/resim_cache/301-a7e1dd0d68dbe3d36756b2a4d0d609cd_farkbilisim.com_1920X871--a--.jpg]
[citylinegroup.com.tr/sayfa/resim_cache/301-6d30eae8b9d74ad9f01de299232e8e76_farkbilisim.com_1500X1002--a--.jpg]
[citylinegroup.com.tr/sayfa/resim_cache/301-ec448678ec9c55bde0ceb78d6bda8200_farkbilisim.com_1500X1140--a--.jpg]
[citylinegroup.com.tr/sayfa/resim_cache/301-29d7ed10f9bfaaa5f5d75a39947cd39f_farkbilisim.com_1500X1125--a--.jpg]
[citylinegroup.com.tr/sayfa/resim_cache/301-ff8c7df387ccc5c19480a9ddd5ea0a1c_farkbilisim.com_1500X1500--a--.jpg]
[citylinegroup.com.tr/sayfa/resim_cache/301-8f247391df9450d023f61e1b37d50c2f_farkbilisim.com_1500X1500--a--.jpg]
[citylinegroup.com.tr/sayfa/resim_cache/301-30fcb3cca250f70c9215f3b3d233f986_farkbilisim.com_1500X1125--a--.jpg]
[citylinegroup.com.tr/sayfa/resim_cache/301-fd0f6825ac72468a5449566c8d9b41d9_farkbilisim.com_1500X1249--a--.jpg]
[citylinegroup.com.tr/sayfa/resim_cache/301-64dd756af5b10faac23f8d7486f23fab_farkbilisim.com_1500X1000--a--.jpg]
[citylinegroup.com.tr/sayfa/resim_cache/301-a2255489759d6e01aa173e50bc173922_farkbilisim.com_1500X835--a--.jpg]
[citylinegroup.com.tr/sayfa/resim_cache/301-02f472eba0cd99fd33293b44d7421077_farkbilisim.com_1250X703--a--.jpg]
[citylinegroup.com.tr/sayfa/resim_cache/301-4b616b70888bc970f070deb1f15df741_farkbilisim.com_1250X833--a--.jpg]
[citylinegroup.com.tr/sayfa/resim_cache/301-ddae4d38cf80992b017a46fc7a7ac6a6_farkbilisim.com_1250X703--a--.jpg]
[citylinegroup.com.tr/sayfa/resim_cache/301-cbf38ca8dc7d62d28660798dd92a5927_farkbilisim.com_1250X703--a--.jpg]
[citylinegroup.com.tr/sayfa/resim_cache/301-6c4568b056ced75dd68562f2a40f83f9_farkbilisim.com_1250X703--a--.jpg]
[citylinegroup.com.tr/sayfa/resim_cache/301-4ab802fc81f4d60e8a3f0e6e94b01fd4_farkbilisim.com_1250X703--a--.jpg]
[citylinegroup.com.tr/sayfa/resim_cache/301-ef4de6740c385be0a12fa98f83b4ba85_farkbilisim.com_1250X703--a--.jpg]
[citylinegroup.com.tr/sayfa/resim_cache/301-4c28709e9569898a893d065628bfea92_farkbilisim.com_1250X1250--a--.jpg]
[citylinegroup.com.tr/sayfa/resim_cache/301-f60ff97228fbe9fe18dbc87847085be3_farkbilisim.com_1250X703--a--.jpg]
[citylinegroup.com.tr/sayfa/resim_cache/301-98e61b2b5f91c74d12adf759bd6dbd83_farkbilisim.com_1250X703--a--.jpg]
[citylinegroup.com.tr/sayfa/resim_cache/301-3eeac950a6ec5bcdb6807210d87d103c_farkbilisim.com_1250X703--a--.jpg]
[citylinegroup.com.tr/sayfa/resim_cache/301-0e1e68d4007637f90f27c0782951c4ae_farkbilisim.com_1250X703--a--.jpg]
[citylinegroup.com.tr/sayfa/resim_cache/301-efec57aa7fb98d23a9ce32309ae9b033_farkbilisim.com_1250X703--a--.jpg]
[citylinegroup.com.tr/sayfa/resim_cache/301-90f583741791770d5347948a5966146e_farkbilisim.com_1250X1250--a--.jpg]
[citylinegroup.com.tr/sayfa/resim_cache/301-749f6315b737f0cef9f7abea64ddf9ff_farkbilisim.com_1250X703--a--.jpg]
[citylinegroup.com.tr/sayfa/resim_cache/301-02a2d85fff4e593b4e17abfb956d64bb_farkbilisim.com_1250X703--a--.jpg]
[citylinegroup.com.tr/sayfa/resim_cache/301-f2b4468b45712532f745d8258a279668_farkbilisim.com_1250X1250--a--.jpg]
[citylinegroup.com.tr/sayfa/resim_cache/301-40725529fa1b7fbf651e8ca1105cd56a_farkbilisim.com_1250X1250--a--.jpg]
[citylinegroup.com.tr/sayfa/resim_cache/301-7cf2a7ad999244c52e265d25b3a1fe63_farkbilisim.com_1250X703--a--.jpg]
[citylinegroup.com.tr/sayfa/resim_cache/301-c5fb492aeae19f745e159f855403956f_farkbilisim.com_1250X703--a--.jpg]
[citylinegroup.com.tr/ru/serenity_residence.html]
[citylinegroup.com.tr/sayfa/resim_cache/361-e5871e891fbc8d52c7c7213188b1c82c_farkbilisim.com_1920X1080--a--a.jpg]
[citylinegroup.com.tr/sayfa/resim_cache/361-237ce81c20492077a645f079fa389fde_farkbilisim.com_1920X1080--a--a.jpg]
[citylinegroup.com.tr/sayfa/resim_cache/361-010fdcb5b396591cc4067bfed26a702c_farkbilisim.com_1920X1080--a--a.jpg]
[citylinegroup.com.tr/sayfa/resim_cache/361-2b169bdcf51f638d2c107b8d77e7ab28_farkbilisim.com_1920X1080--a--a.jpg]
[citylinegroup.com.tr/sayfa/resim_cache/361-930a6320b6207bcf51eccdbdd3458472_farkbilisim.com_1920X1080--a--a.jpg]
[citylinegroup.com.tr/sayfa/resim_cache/361-8706edcb0b5f4d8223f96390e019b9d7_farkbilisim.com_1920X1056--a--a.jpg]
[citylinegroup.com.tr/sayfa/resim_cache/361-12da77d1c6300c9512ed487ea01db5ed_farkbilisim.com_1920X1080--a--a.jpg]
[citylinegroup.com.tr/sayfa/resim_cache/361-471333e7384d7e580d302c6e6d279dee_farkbilisim.com_1920X1080--a--a.jpg]
[citylinegroup.com.tr/sayfa/resim_cache/361-6ac694921ff7e8eab1d5c58b49ee2be2_farkbilisim.com_1920X1080--a--a.jpg]
[citylinegroup.com.tr/sayfa/resim_cache/361-76cb54b7ef1fe52aabb594d58cc42f38_farkbilisim.com_1920X1080--a--a.jpg]
[citylinegroup.com.tr/sayfa/resim_cache/361-cc96911c0efa5dc7660e2d42ef44a961_farkbilisim.com_1920X1080--a--a.jpg]
[citylinegroup.com.tr/sayfa/resim_cache/361-8e1dd9b2e6929149f8b663ae2561c9ae_farkbilisim.com_1920X1080--a--a.jpg]
[citylinegroup.com.tr/sayfa/resim_cache/361-f14e1d6b2d0337749ad7bdf393c02cd3_farkbilisim.com_1920X1080--a--a.jpg]
[citylinegroup.com.tr/sayfa/resim_cache/361-96c0c33a8dc745003c492b599ffabdef_farkbilisim.com_1920X1080--a--a.jpg]
[citylinegroup.com.tr/sayfa/resim_cache/361-000022ba9f4b28bc900b8550635feb77_farkbilisim.com_1920X1080--a--a.jpg]
[citylinegroup.com.tr/sayfa/resim_cache/361-e816d2bcfd73bc59ce1ffd313a77ce06_farkbilisim.com_1920X1080--a--a.jpg]
[citylinegroup.com.tr/sayfa/resim_cache/361-72a83ef4220e90f2466d7022cd0be92b_farkbilisim.com_1080X1080--a--a.jpg]
[citylinegroup.com.tr/sayfa/resim_cache/361-8cdcebe08119775e641eae0265899d12_farkbilisim.com_1440X1080--a--a.jpg]
[citylinegroup.com.tr/sayfa/resim_cache/361-de6f2359c5ce257f5900aab42e71e860_farkbilisim.com_1440X1080--a--a.jpg]
[citylinegroup.com.tr/sayfa/resim_cache/361-1beab193b674902fecd85112d9743cf3_farkbilisim.com_918X1080--a--a.jpg]
[citylinegroup.com.tr/sayfa/resim_cache/361-f4f13b55c2739aa2b3b5060035e5be70_farkbilisim.com_918X1080--a--a.jpg]
[citylinegroup.com.tr/sayfa/resim_cache/361-93775650870a844c531379b0ce5d8da0_farkbilisim.com_1080X1080--a--a.jpg]
[citylinegroup.com.tr/sayfa/resim_cache/361-44778c6c116a7f22ed23828ef8377139_farkbilisim.com_864X1080--a--a.jpg]
[citylinegroup.com.tr/sayfa/resim_cache/361-9317ef981755142fe4cc5fa94f4cb4b9_farkbilisim.com_1440X1080--a--a.jpg]
[citylinegroup.com.tr/sayfa/resim_cache/361-50a767f7dc549e60fe81b78bcb3693c5_farkbilisim.com_864X1080--a--a.jpg]
[citylinegroup.com.tr/sayfa/resim_cache/361-8a968853a0e0bd1d25ed18d239b64c58_farkbilisim.com_1080X1080--a--a.jpg]
[citylinegroup.com.tr/sayfa/resim_cache/361-53af91efcad0ad3e8fba17e785c2dfd7_farkbilisim.com_756X1080--a--a.jpg]
[citylinegroup.com.tr/sayfa/resim_cache/361-442804faaed931aa2f00cfe1b75d74ca_farkbilisim.com_756X1080--a--a.jpg]
[citylinegroup.com.tr/sayfa/resim_cache/361-c1c2dcd870f84f4087b5b6e981cebd16_farkbilisim.com_1920X1080--a--a.jpg]
[citylinegroup.com.tr/sayfa/resim_cache/361-9f57a86a133a018e91028033e65448af_farkbilisim.com_1920X1080--a--a.jpg]
[citylinegroup.com.tr/sayfa/resim_cache/361-76401ccf3e0e4c71edff3128fd6f37a5_farkbilisim.com_1920X1080--a--a.jpg]
[citylinegroup.com.tr/sayfa/resim_cache/361-f89def321cb5499ce6aaf93f1a1c1a27_farkbilisim.com_1920X1080--a--a.jpg]
[citylinegroup.com.tr/sayfa/resim_cache/361-54f49b38a5a0a126b923a0b6966cf526_farkbilisim.com_1920X1080--a--a.jpg]
[citylinegroup.com.tr/sayfa/resim_cache/361-95bde6f65b32a596c401a5d22e39fb42_farkbilisim.com_1920X1080--a--a.jpg]
[citylinegroup.com.tr/sayfa/resim_cache/361-07f151ef876076c5441570a09a8601bb_farkbilisim.com_1920X1080--a--a.jpg]
[citylinegroup.com.tr/sayfa/resim_cache/361-e11c49b948b9cdbd7169502de60806e6_farkbilisim.com_864X1080--a--a.jpg]
[citylinegroup.com.tr/sayfa/resim_cache/361-6a1133934da6808753bcd2da4ec19d9c_farkbilisim.com_648X1080--a--a.jpg]
[citylinegroup.com.tr/sayfa/resim_cache/361-a9cad9a2c4900ab791a29f8af00eec3f_farkbilisim.com_1440X1080--a--a.jpg]
[citylinegroup.com.tr/sayfa/resim_cache/361-69a32500ddc77603f58485276f0ef4e0_farkbilisim.com_864X1080--a--a.jpg]
[citylinegroup.com.tr/sayfa/resim_cache/361-9711bac40ac77f5b9aea72d45d86cd20_farkbilisim.com_1440X1080--a--a.jpg]
[citylinegroup.com.tr/sayfa/resim_cache/361-7595e854e0562ac486272707c249e406_farkbilisim.com_1440X1080--a--a.jpg]
[citylinegroup.com.tr/sayfa/resim_cache/361-42e5870e0f3596aa1fd6182f8690501d_farkbilisim.com_1728X1080--a--a.jpg]
[citylinegroup.com.tr/sayfa/resim_cache/361-69a9ff892416d83a3f06ede01d4ecee1_farkbilisim.com_1920X960--a--a.jpg]
[citylinegroup.com.tr/sayfa/resim_cache/361-528874ff6e8fe1e4d84dfcc11b6f70e8_farkbilisim.com_972X1080--a--a.jpg]
[citylinegroup.com.tr/sayfa/resim_cache/361-7ce992ab919eba349466cde2cfae04e7_farkbilisim.com_1440X1080--a--a.jpg]
[citylinegroup.com.tr/sayfa/resim_cache/361-06f57f705470bd39e59ef884e52e868f_farkbilisim.com_972X1080--a--a.jpg]
[citylinegroup.com.tr/sayfa/resim_cache/361-f5a0e5b73e231871735c96f3177af774_farkbilisim.com_1188X1080--a--a.jpg]
[citylinegroup.com.tr/sayfa/resim_cache/361-aec4070a903c5c736fc2cc89f729f2fc_farkbilisim.com_918X1080--a--a.jpg]
[citylinegroup.com.tr/sayfa/resim_cache/361-e60dfb2794399aa8892f4f05bc270ed1_farkbilisim.com_1621X1080--a--a.jpg]
[citylinegroup.com.tr/sayfa/resim_cache/361-1c00ed208fc5fcf1f9801ea74446ca14_farkbilisim.com_918X1080--a--a.jpg]
[citylinegroup.com.tr/ru/serenity_royal_beach.html]
[citylinegroup.com.tr/sayfa/resim_cache/351-31d31e0a6d7985518f141c782cb40a7a_farkbilisim.com_1920X1080--a--a.jpg]
[citylinegroup.com.tr/sayfa/resim_cache/351-188c74dec6849804292ec7777b883869_farkbilisim.com_1920X1080--a--a.jpg]
[citylinegroup.com.tr/sayfa/resim_cache/351-797aa1fb148375e8025bce2568e537fc_farkbilisim.com_1920X1080--a--a.jpg]
[citylinegroup.com.tr/sayfa/resim_cache/351-f30712316c1a0666483d6b56e7fd6cc9_farkbilisim.com_1920X1080--a--a.jpg]
[citylinegroup.com.tr/sayfa/resim_cache/351-be6470abf7c20af921d724de13b27796_farkbilisim.com_1920X1080--a--a.jpg]
[citylinegroup.com.tr/sayfa/resim_cache/351-87700314d777a7dc5e4f2f8dfd4f5e3d_farkbilisim.com_1920X1080--a--a.jpg]
[citylinegroup.com.tr/sayfa/resim_cache/351-c824a2271358cec35ebc3a21a0ab3c7a_farkbilisim.com_3840X2160--a--a.jpg]
[citylinegroup.com.tr/sayfa/resim_cache/351-793c2936c2eacc96690689b1147f15aa_farkbilisim.com_3840X2160--a--a.jpg]
[citylinegroup.com.tr/sayfa/resim_cache/351-6af8284bb2a55829385622c38570f1ce_farkbilisim.com_3840X2160--a--a.jpg]
[citylinegroup.com.tr/sayfa/resim_cache/351-aa13a0c0c148427a67983909df02361a_farkbilisim.com_3840X2160--a--a.jpg]
[citylinegroup.com.tr/sayfa/resim_cache/351-2ce052d39d0169be661224301224fa10_farkbilisim.com_3840X2160--a--a.jpg]
[citylinegroup.com.tr/sayfa/resim_cache/351-632fe03ccb17c051c762be88d79efd96_farkbilisim.com_3840X2160--a--a.jpg]
[citylinegroup.com.tr/sayfa/resim_cache/351-ccb276aefbf0539d15fd74f496f779f4_farkbilisim.com_1920X1080--a--a.jpg]
[citylinegroup.com.tr/sayfa/resim_cache/351-124ea54ffc829f63aef2cb2097cbbba2_farkbilisim.com_1920X1080--a--a.jpg]
[citylinegroup.com.tr/sayfa/resim_cache/351-71f66ce456b1d55b16215894225f6f38_farkbilisim.com_1920X1080--a--a.jpg]
[citylinegroup.com.tr/sayfa/resim_cache/351-f278e36a48bc5f3fa1bb8bbd84ca3971_farkbilisim.com_1920X1080--a--a.jpg]
[citylinegroup.com.tr/sayfa/resim_cache/351-5ff199877dc05f094569f5f6f4f100d9_farkbilisim.com_1920X1080--a--a.jpg]
[citylinegroup.com.tr/sayfa/resim_cache/351-b0af4b041b1abb3a698f2fb40b83bbf7_farkbilisim.com_1920X1080--a--a.jpg]
[citylinegroup.com.tr/sayfa/resim_cache/351-7abd8422325babba2b7cadae8b83bdda_farkbilisim.com_1920X1080--a--a.jpg]
[citylinegroup.com.tr/sayfa/resim_cache/351-3fc8d85b4841d99c64b87ac2b5e382c3_farkbilisim.com_4961X3508--a--a.jpg]
[citylinegroup.com.tr/sayfa/resim_cache/351-e54ce681035ae123c61c42d68e4f4708_farkbilisim.com_4961X3508--a--a.jpg]
[citylinegroup.com.tr/ru/serenity_grand_kaptan.html]
[citylinegroup.com.tr/sayfa/resim_cache/341-d7cb9479bea2302af6da93f9648b3926_farkbilisim.com_1920X1440--a--.jpg]
[citylinegroup.com.tr/sayfa/resim_cache/341-b36fbefc5b864665d3f4bb8184f1db41_farkbilisim.com_1920X1440--a--.jpg]
[citylinegroup.com.tr/sayfa/resim_cache/341-e2ead19a5f21f89f03fb88e392243198_farkbilisim.com_1920X1440--a--.jpg]
[citylinegroup.com.tr/sayfa/resim_cache/341-70c43ec5b0dcf8f190481c3000b6402e_farkbilisim.com_1920X1440--a--.jpg]
[citylinegroup.com.tr/sayfa/resim_cache/341-61048806bf34bda02ed7d5b42f169bcb_farkbilisim.com_1920X1440--a--.jpg]
[citylinegroup.com.tr/sayfa/resim_cache/341-84ce52d553d7fbe56624cac6ac8afaed_farkbilisim.com_1920X1440--a--.jpg]
[citylinegroup.com.tr/sayfa/resim_cache/341-a4cb7c918b6b3971aba446eb18565541_farkbilisim.com_1920X1440--a--.jpg]
[citylinegroup.com.tr/sayfa/resim_cache/341-5279120f7bbe91abaa0b16196f686aeb_farkbilisim.com_1920X1440--a--.jpg]
[citylinegroup.com.tr/sayfa/resim_cache/341-0be996fc131c2df00cadbf1041d6f970_farkbilisim.com_1920X1440--a--.jpg]
[citylinegroup.com.tr/sayfa/resim_cache/341-a0a89a55779c8f2221d18d5a6459bd2d_farkbilisim.com_1920X1440--a--.jpg]
[citylinegroup.com.tr/sayfa/resim_cache/341-bcff374f457e29087bd289797f5e96d5_farkbilisim.com_1920X1440--a--.jpg]
[citylinegroup.com.tr/sayfa/resim_cache/341-2ceb5614b14a2d32945593d551a9b3ed_farkbilisim.com_1920X1440--a--.jpg]
[citylinegroup.com.tr/sayfa/resim_cache/341-7b87d7123f65063cd3d81491c60deb0f_farkbilisim.com_1920X1440--a--.jpg]
[citylinegroup.com.tr/sayfa/resim_cache/341-0423d801e59ac3961ae1881bd02c07ff_farkbilisim.com_1920X1440--a--.jpg]
[citylinegroup.com.tr/sayfa/resim_cache/341-f3c6b35992e4e0898b035db70145f63e_farkbilisim.com_1920X1440--a--.jpg]
[citylinegroup.com.tr/ru/city_street.html]
[citylinegroup.com.tr/sayfa/resim_cache/301-a7e1dd0d68dbe3d36756b2a4d0d609cd_farkbilisim.com_1920X871--a--a.jpg]
[citylinegroup.com.tr/sayfa/resim_cache/301-6d30eae8b9d74ad9f01de299232e8e76_farkbilisim.com_1500X1002--a--a.jpg]
[citylinegroup.com.tr/sayfa/resim_cache/301-ec448678ec9c55bde0ceb78d6bda8200_farkbilisim.com_1500X1140--a--a.jpg]
[citylinegroup.com.tr/sayfa/resim_cache/301-29d7ed10f9bfaaa5f5d75a39947cd39f_farkbilisim.com_1500X1125--a--a.jpg]
[citylinegroup.com.tr/sayfa/resim_cache/301-ff8c7df387ccc5c19480a9ddd5ea0a1c_farkbilisim.com_1500X1500--a--a.jpg]
[citylinegroup.com.tr/sayfa/resim_cache/301-8f247391df9450d023f61e1b37d50c2f_farkbilisim.com_1500X1500--a--a.jpg]
[citylinegroup.com.tr/sayfa/resim_cache/301-30fcb3cca250f70c9215f3b3d233f986_farkbilisim.com_1500X1125--a--a.jpg]
[citylinegroup.com.tr/sayfa/resim_cache/301-fd0f6825ac72468a5449566c8d9b41d9_farkbilisim.com_1500X1249--a--a.jpg]
[citylinegroup.com.tr/sayfa/resim_cache/301-64dd756af5b10faac23f8d7486f23fab_farkbilisim.com_1500X1000--a--a.jpg]
[citylinegroup.com.tr/sayfa/resim_cache/301-a2255489759d6e01aa173e50bc173922_farkbilisim.com_1500X835--a--a.jpg]
[citylinegroup.com.tr/sayfa/resim_cache/301-02f472eba0cd99fd33293b44d7421077_farkbilisim.com_1250X703--a--a.jpg]
[citylinegroup.com.tr/sayfa/resim_cache/301-4b616b70888bc970f070deb1f15df741_farkbilisim.com_1250X833--a--a.jpg]
[citylinegroup.com.tr/sayfa/resim_cache/301-ddae4d38cf80992b017a46fc7a7ac6a6_farkbilisim.com_1250X703--a--a.jpg]
[citylinegroup.com.tr/sayfa/resim_cache/301-cbf38ca8dc7d62d28660798dd92a5927_farkbilisim.com_1250X703--a--a.jpg]
[citylinegroup.com.tr/sayfa/resim_cache/301-6c4568b056ced75dd68562f2a40f83f9_farkbilisim.com_1250X703--a--a.jpg]
[citylinegroup.com.tr/sayfa/resim_cache/301-4ab802fc81f4d60e8a3f0e6e94b01fd4_farkbilisim.com_1250X703--a--a.jpg]
[citylinegroup.com.tr/sayfa/resim_cache/301-ef4de6740c385be0a12fa98f83b4ba85_farkbilisim.com_1250X703--a--a.jpg]
[citylinegroup.com.tr/sayfa/resim_cache/301-4c28709e9569898a893d065628bfea92_farkbilisim.com_1250X1250--a--a.jpg]
[citylinegroup.com.tr/sayfa/resim_cache/301-f60ff97228fbe9fe18dbc87847085be3_farkbilisim.com_1250X703--a--a.jpg]
[citylinegroup.com.tr/sayfa/resim_cache/301-98e61b2b5f91c74d12adf759bd6dbd83_farkbilisim.com_1250X703--a--a.jpg]
[citylinegroup.com.tr/sayfa/resim_cache/301-3eeac950a6ec5bcdb6807210d87d103c_farkbilisim.com_1250X703--a--a.jpg]
[citylinegroup.com.tr/sayfa/resim_cache/301-0e1e68d4007637f90f27c0782951c4ae_farkbilisim.com_1250X703--a--a.jpg]
[citylinegroup.com.tr/sayfa/resim_cache/301-efec57aa7fb98d23a9ce32309ae9b033_farkbilisim.com_1250X703--a--a.jpg]
[citylinegroup.com.tr/sayfa/resim_cache/301-90f583741791770d5347948a5966146e_farkbilisim.com_1250X1250--a--a.jpg]
[citylinegroup.com.tr/sayfa/resim_cache/301-749f6315b737f0cef9f7abea64ddf9ff_farkbilisim.com_1250X703--a--a.jpg]
[citylinegroup.com.tr/sayfa/resim_cache/301-02a2d85fff4e593b4e17abfb956d64bb_farkbilisim.com_1250X703--a--a.jpg]
[citylinegroup.com.tr/sayfa/resim_cache/301-f2b4468b45712532f745d8258a279668_farkbilisim.com_1250X1250--a--a.jpg]
[citylinegroup.com.tr/sayfa/resim_cache/301-40725529fa1b7fbf651e8ca1105cd56a_farkbilisim.com_1250X1250--a--a.jpg]
[citylinegroup.com.tr/sayfa/resim_cache/301-7cf2a7ad999244c52e265d25b3a1fe63_farkbilisim.com_1250X703--a--a.jpg]
[citylinegroup.com.tr/sayfa/resim_cache/301-c5fb492aeae19f745e159f855403956f_farkbilisim.com_1250X703--a--a.jpg]
[citylinegroup.com.tr/tr/tr/serenity_grand_kaptan.html]
[citylinegroup.com.tr/tr/tr/serenity_royal_beach.html]
[citylinegroup.com.tr/tr/serenity_residence.html]
[citylinegroup.com.tr/sayfa/resim_cache/341-d7cb9479bea2302af6da93f9648b3926_farkbilisim.com_1920X1440--a--a.jpg]
[citylinegroup.com.tr/sayfa/resim_cache/341-b36fbefc5b864665d3f4bb8184f1db41_farkbilisim.com_1920X1440--a--a.jpg]
[citylinegroup.com.tr/sayfa/resim_cache/341-e2ead19a5f21f89f03fb88e392243198_farkbilisim.com_1920X1440--a--a.jpg]
[citylinegroup.com.tr/sayfa/resim_cache/341-70c43ec5b0dcf8f190481c3000b6402e_farkbilisim.com_1920X1440--a--a.jpg]
[citylinegroup.com.tr/sayfa/resim_cache/341-61048806bf34bda02ed7d5b42f169bcb_farkbilisim.com_1920X1440--a--a.jpg]
[citylinegroup.com.tr/sayfa/resim_cache/341-84ce52d553d7fbe56624cac6ac8afaed_farkbilisim.com_1920X1440--a--a.jpg]
[citylinegroup.com.tr/sayfa/resim_cache/341-a4cb7c918b6b3971aba446eb18565541_farkbilisim.com_1920X1440--a--a.jpg]
[citylinegroup.com.tr/sayfa/resim_cache/341-5279120f7bbe91abaa0b16196f686aeb_farkbilisim.com_1920X1440--a--a.jpg]
[citylinegroup.com.tr/sayfa/resim_cache/341-0be996fc131c2df00cadbf1041d6f970_farkbilisim.com_1920X1440--a--a.jpg]
[citylinegroup.com.tr/sayfa/resim_cache/341-a0a89a55779c8f2221d18d5a6459bd2d_farkbilisim.com_1920X1440--a--a.jpg]
[citylinegroup.com.tr/sayfa/resim_cache/341-bcff374f457e29087bd289797f5e96d5_farkbilisim.com_1920X1440--a--a.jpg]
[citylinegroup.com.tr/sayfa/resim_cache/341-2ceb5614b14a2d32945593d551a9b3ed_farkbilisim.com_1920X1440--a--a.jpg]
[citylinegroup.com.tr/sayfa/resim_cache/341-7b87d7123f65063cd3d81491c60deb0f_farkbilisim.com_1920X1440--a--a.jpg]
[citylinegroup.com.tr/sayfa/resim_cache/341-0423d801e59ac3961ae1881bd02c07ff_farkbilisim.com_1920X1440--a--a.jpg]
[citylinegroup.com.tr/sayfa/resim_cache/341-f3c6b35992e4e0898b035db70145f63e_farkbilisim.com_1920X1440--a--a.jpg]
[citylinegroup.com.tr/tr/city_street.html]
[citylinegroup.com.tr/ru/ru/tr/serenity_grand_kaptan.html]
[citylinegroup.com.tr/ru/ru/tr/serenity_royal_beach.html]
[citylinegroup.com.tr/ru/ru/serenity_grand_kaptan.html]
[citylinegroup.com.tr/ru/ru/serenity_royal_beach.html]
[citylinegroup.com.tr/sayfa/resim/131-c1efabd1bb493082c69f441deb1206ac.jpg]
[citylinegroup.com.tr/sayfa/resim_cache/131-c1efabd1bb493082c69f441deb1206ac_farkbilisim.com_1920X1438--a--a.jpg]
[citylinegroup.com.tr/sayfa/resim_cache/131-fd4f49ba12ad4e7ab7da03ada3c889cc_farkbilisim.com_1860X1080--a--a.jpg]
[citylinegroup.com.tr/sayfa/resim_cache/131-6e461906da25bbb909148c679ab50edb_farkbilisim.com_1889X1080--a--a.jpg]
[citylinegroup.com.tr/sayfa/resim_cache/131-a2e74d521f8a55721541e84fa15d3075_farkbilisim.com_1920X1079--a--a.jpg]
[citylinegroup.com.tr/sayfa/resim_cache/131-46736f9a21393171cd1a66d1943d978b_farkbilisim.com_1920X1079--a--a.jpg]
[citylinegroup.com.tr/sayfa/resim_cache/131-1dfbd557779276fedbc0f80a769144a7_farkbilisim.com_1920X1079--a--a.jpg]
[citylinegroup.com.tr/sayfa/resim_cache/131-8894373080cd6a98ac66bebccce98d43_farkbilisim.com_1000X567--a--a.jpg]
[citylinegroup.com.tr/ru/exodus_residence.html]
[citylinegroup.com.tr/sayfa/resim/141-19984407128c361c03ff149edc3ce3d0.jpg]
[citylinegroup.com.tr/sayfa/resim_cache/141-19984407128c361c03ff149edc3ce3d0_farkbilisim.com_1250X938--a--a.jpg]
[citylinegroup.com.tr/sayfa/resim_cache/141-072ea05766818c9789a8d16e165f7fdb_farkbilisim.com_1250X938--a--a.jpg]
[citylinegroup.com.tr/sayfa/resim_cache/141-16e63d955f7bb9bd1125ce02e37b3b5c_farkbilisim.com_1250X938--a--a.jpg]
[citylinegroup.com.tr/sayfa/resim_cache/141-74862d0fcd7bd46e4702b1eac70e6d41_farkbilisim.com_1250X938--a--a.jpg]
[citylinegroup.com.tr/sayfa/resim_cache/141-1c0c6f490ebbced02deaa7c55d5f3f81_farkbilisim.com_1250X938--a--a.jpg]
[citylinegroup.com.tr/sayfa/resim_cache/141-c11aac98cf35c94e9ad7d767cb2458c3_farkbilisim.com_1250X938--a--a.jpg]
[citylinegroup.com.tr/sayfa/resim_cache/141-2f869a9eac161032ab7eaf229de5a266_farkbilisim.com_1250X703--a--a.jpg]
[citylinegroup.com.tr/sayfa/resim_cache/141-52f5835c1186092e8a780dd57635d74c_farkbilisim.com_1250X703--a--a.jpg]
[citylinegroup.com.tr/sayfa/resim_cache/141-1cc15e0ca7d1e726f352e09767ca4128_farkbilisim.com_1250X703--a--a.jpg]
[citylinegroup.com.tr/sayfa/resim_cache/141-7e050a99d7200f5179478870aa505a69_farkbilisim.com_1250X703--a--a.jpg]
[citylinegroup.com.tr/sayfa/resim_cache/141-b30b95166a277c4968e136a59315aa79_farkbilisim.com_1250X703--a--a.jpg]
[citylinegroup.com.tr/sayfa/resim_cache/141-2cc45156e6ad166bbb258268e5ddba21_farkbilisim.com_1250X703--a--a.jpg]
[citylinegroup.com.tr/sayfa/resim_cache/141-f31f08765f5884d63192435dbb532770_farkbilisim.com_1250X703--a--a.jpg]
[citylinegroup.com.tr/sayfa/resim_cache/141-d53a26fa736db94a3ad18efb8db0921f_farkbilisim.com_1250X703--a--a.jpg]
[citylinegroup.com.tr/sayfa/resim_cache/141-b839ae220ce08bc78578ea77e8871e79_farkbilisim.com_1250X703--a--a.jpg]
[citylinegroup.com.tr/sayfa/resim_cache/141-3bf5456aae35002281a7e2810368cdaf_farkbilisim.com_1250X703--a--a.jpg]
[citylinegroup.com.tr/sayfa/resim_cache/141-a7cc76048cccecf70988f42880d0cf51_farkbilisim.com_1250X703--a--a.jpg]
[citylinegroup.com.tr/sayfa/resim_cache/141-fccc4fba36862d24f549df57f6aba6ec_farkbilisim.com_1250X840--a--a.jpg]
[citylinegroup.com.tr/sayfa/resim_cache/141-5c8ff6b6e95c11976824f60b8e280e04_farkbilisim.com_1250X703--a--a.jpg]
[citylinegroup.com.tr/sayfa/resim_cache/141-de8307241cbb9d807d63b2ff86c7ec41_farkbilisim.com_1250X703--a--a.jpg]
[citylinegroup.com.tr/sayfa/resim_cache/141-dbadabd08581069f7fb29d5dd7b65846_farkbilisim.com_1250X703--a--a.jpg]
[citylinegroup.com.tr/sayfa/resim_cache/141-78110a6744f02109280da2d37dd0d990_farkbilisim.com_1250X703--a--a.jpg]
[citylinegroup.com.tr/sayfa/resim_cache/141-21ee37885b0465fcd02ba9701ea95f9c_farkbilisim.com_1250X703--a--a.jpg]
[citylinegroup.com.tr/sayfa/resim_cache/141-3cb73b4481e926653ab5e1f250c44854_farkbilisim.com_884X1250--a--a.jpg]
[citylinegroup.com.tr/sayfa/resim_cache/141-a470306e4b87f718880d1d2d61a7f75e_farkbilisim.com_884X1250--a--a.jpg]
[citylinegroup.com.tr/sayfa/resim_cache/141-09ed17c3cc24de4d25ebc032d14f8844_farkbilisim.com_884X1250--a--a.jpg]
[citylinegroup.com.tr/ru/city_marina.html]
[citylinegroup.com.tr/sayfa/resim/311-31cf6b452e0afd2e837e21e6a265099a.jpg]
[citylinegroup.com.tr/sayfa/resim_cache/311-31cf6b452e0afd2e837e21e6a265099a_farkbilisim.com_1920X1080--a--a.jpg]
[citylinegroup.com.tr/sayfa/resim_cache/311-4b67957e752488c7fdfa6ce3de88b458_farkbilisim.com_1250X703--a--a.jpg]
[citylinegroup.com.tr/sayfa/resim_cache/311-db27e5484f59076324e3d23856b5dba0_farkbilisim.com_1250X703--a--a.jpg]
[citylinegroup.com.tr/sayfa/resim_cache/311-eb35141f3e23282f08288b7b598ac620_farkbilisim.com_1250X703--a--a.jpg]
[citylinegroup.com.tr/sayfa/resim_cache/311-d53cc1fa128905dcc5212d512b9509ac_farkbilisim.com_1250X703--a--a.jpg]
[citylinegroup.com.tr/sayfa/resim_cache/311-d1f1ec5cccec950336c9fa362b238758_farkbilisim.com_1250X703--a--a.jpg]
[citylinegroup.com.tr/sayfa/resim_cache/311-bf8e8c6a83cc606dba3e8f4d5ac4fe44_farkbilisim.com_1250X703--a--a.jpg]
[citylinegroup.com.tr/sayfa/resim_cache/311-5e3f86793b06c92e37672faf2f577768_farkbilisim.com_1250X703--a--a.jpg]
[citylinegroup.com.tr/sayfa/resim_cache/311-fe6e53854111299b02a8f9ee3627c9c2_farkbilisim.com_1250X703--a--a.jpg]
[citylinegroup.com.tr/sayfa/resim_cache/311-9bcb1b78913f5b1f5129e4c2ea06d305_farkbilisim.com_1250X703--a--a.jpg]
[citylinegroup.com.tr/ru/city_office.html]
[citylinegroup.com.tr/sayfa/resim/331-7bbb1701d9f0d5c192afc771a58d350e.jpg]
[citylinegroup.com.tr/sayfa/resim_cache/331-7bbb1701d9f0d5c192afc771a58d350e_farkbilisim.com_1700X1275--a--a.jpg]
[citylinegroup.com.tr/sayfa/resim_cache/331-ecb0d029197042714973fe04fea4656a_farkbilisim.com_1920X1073--a--a.jpg]
[citylinegroup.com.tr/sayfa/resim_cache/331-53311de6b5b0075094dace5dca99cfec_farkbilisim.com_1920X1080--a--a.jpg]
[citylinegroup.com.tr/sayfa/resim_cache/331-d6ea2b6add3069e3adcb5f26b33af98e_farkbilisim.com_1920X1176--a--a.jpg]
[citylinegroup.com.tr/sayfa/resim_cache/331-1a131cf689202316aa17222ea5000bda_farkbilisim.com_1039X1000--a--a.jpg]
[citylinegroup.com.tr/ru/exodus_park_.html]
[citylinegroup.com.tr/sayfa/resim_cache/181-006cb5bb32f0704b1cbe719283a57f42_farkbilisim.com_2000X1335--a-1-a.jpg]
[citylinegroup.com.tr/sayfa/resim_cache/181-0321e462f256f9c387fd41cda24b31f5_farkbilisim.com_2000X1335--a-1-a.jpg]
[citylinegroup.com.tr/index8eee.html]
[citylinegroup.com.tr/tr/hakkimizda.html]
[citylinegroup.com.tr/tr/vizyon_misyon.html]
[citylinegroup.com.tr/tr/kalite_politikamiz.html]
[citylinegroup.com.tr/tr/degerlerimiz.html]
[citylinegroup.com.tr/tr/insan_kaynaklari.html]
[citylinegroup.com.tr/tr/satisi_devam_eden_projeler.html]
[citylinegroup.com.tr/sayfa/resim_cache/181-51370c5c7ab5fc26bd2d669fc09c1da8_farkbilisim.com_2000X1333--a-1-a.jpg]
[citylinegroup.com.tr/tr/exodus_residence.html]
[citylinegroup.com.tr/tr/city_marina.html]
[citylinegroup.com.tr/sayfa/resim_cache/151-dc19d68ef92cebc7f7e42e483bbc1ed2_farkbilisim.com_750X562--a--a.jpg]
[citylinegroup.com.tr/sayfa/resim_cache/161-3b637fb6d950fa095a9cbfa07fe4dc4d_farkbilisim.com_750X562--a--a.jpg]
[citylinegroup.com.tr/sayfa/resim_cache/171-5b2bb0d8da7334aab5a6b4f129796549_farkbilisim.com_750X562--a--a.jpg]
[citylinegroup.com.tr/tr/city_office.html]
[citylinegroup.com.tr/tr/exodus_park_.html]
[citylinegroup.com.tr/tr/tamamlanan_projeler.html]
[citylinegroup.com.tr/tr/medya.html]
[citylinegroup.com.tr/tr/iletisim.html]
[citylinegroup.com.tr/tr/serenity_royal_beach.html]
[citylinegroup.com.tr/tr/serenity_grand_kaptan.html]
[citylinegroup.com.tr/sayfa/resim_cache/181-006cb5bb32f0704b1cbe719283a57f42_farkbilisim.com_2000X1335--a-2-.jpg]
[citylinegroup.com.tr/sayfa/resim_cache/181-0321e462f256f9c387fd41cda24b31f5_farkbilisim.com_2000X1335--a-2-.jpg]
[citylinegroup.com.tr/indexb6f1.html]
[citylinegroup.com.tr/sayfa/resim_cache/181-51370c5c7ab5fc26bd2d669fc09c1da8_farkbilisim.com_2000X1333--a-2-.jpg]
[citylinegroup.com.tr/en/en/serenity_grand_kaptan.html]
[citylinegroup.com.tr/en/en/serenity_royal_beach.html]
[citylinegroup.com.tr/en/hakkimizda.html]
[citylinegroup.com.tr/en/vizyon_misyon.html]
[citylinegroup.com.tr/en/kalite_politikamiz.html]
[citylinegroup.com.tr/en/degerlerimiz.html]
[citylinegroup.com.tr/en/insan_kaynaklari.html]
[citylinegroup.com.tr/en/satisi_devam_eden_projeler.html]
[citylinegroup.com.tr/en/exodus_residence.html]
[citylinegroup.com.tr/en/city_marina.html]
[citylinegroup.com.tr/en/city_office.html]
[citylinegroup.com.tr/en/exodus_park_.html]
[citylinegroup.com.tr/en/tamamlanan_projeler.html]
[citylinegroup.com.tr/en/medya.html]
[citylinegroup.com.tr/en/iletisim.html]
[citylinegroup.com.tr/en/serenity_residence.html]
[citylinegroup.com.tr/sayfa/resim_cache/361-e5871e891fbc8d52c7c7213188b1c82c_farkbilisim.com_1920X1080--a--.jpg]
[citylinegroup.com.tr/sayfa/resim_cache/361-237ce81c20492077a645f079fa389fde_farkbilisim.com_1920X1080--a--.jpg]
[citylinegroup.com.tr/sayfa/resim_cache/361-010fdcb5b396591cc4067bfed26a702c_farkbilisim.com_1920X1080--a--.jpg]
[citylinegroup.com.tr/sayfa/resim_cache/361-2b169bdcf51f638d2c107b8d77e7ab28_farkbilisim.com_1920X1080--a--.jpg]
[citylinegroup.com.tr/sayfa/resim_cache/361-930a6320b6207bcf51eccdbdd3458472_farkbilisim.com_1920X1080--a--.jpg]
[citylinegroup.com.tr/sayfa/resim_cache/361-8706edcb0b5f4d8223f96390e019b9d7_farkbilisim.com_1920X1056--a--.jpg]
[citylinegroup.com.tr/sayfa/resim_cache/361-12da77d1c6300c9512ed487ea01db5ed_farkbilisim.com_1920X1080--a--.jpg]
[citylinegroup.com.tr/sayfa/resim_cache/361-471333e7384d7e580d302c6e6d279dee_farkbilisim.com_1920X1080--a--.jpg]
[citylinegroup.com.tr/sayfa/resim_cache/361-6ac694921ff7e8eab1d5c58b49ee2be2_farkbilisim.com_1920X1080--a--.jpg]
[citylinegroup.com.tr/sayfa/resim_cache/361-76cb54b7ef1fe52aabb594d58cc42f38_farkbilisim.com_1920X1080--a--.jpg]
[citylinegroup.com.tr/sayfa/resim_cache/361-cc96911c0efa5dc7660e2d42ef44a961_farkbilisim.com_1920X1080--a--.jpg]
[citylinegroup.com.tr/sayfa/resim_cache/361-8e1dd9b2e6929149f8b663ae2561c9ae_farkbilisim.com_1920X1080--a--.jpg]
[citylinegroup.com.tr/sayfa/resim_cache/361-f14e1d6b2d0337749ad7bdf393c02cd3_farkbilisim.com_1920X1080--a--.jpg]
[citylinegroup.com.tr/sayfa/resim_cache/361-96c0c33a8dc745003c492b599ffabdef_farkbilisim.com_1920X1080--a--.jpg]
[citylinegroup.com.tr/sayfa/resim_cache/361-000022ba9f4b28bc900b8550635feb77_farkbilisim.com_1920X1080--a--.jpg]
[citylinegroup.com.tr/sayfa/resim_cache/361-e816d2bcfd73bc59ce1ffd313a77ce06_farkbilisim.com_1920X1080--a--.jpg]
[citylinegroup.com.tr/sayfa/resim_cache/361-72a83ef4220e90f2466d7022cd0be92b_farkbilisim.com_1080X1080--a--.jpg]
[citylinegroup.com.tr/sayfa/resim_cache/361-8cdcebe08119775e641eae0265899d12_farkbilisim.com_1440X1080--a--.jpg]
[citylinegroup.com.tr/sayfa/resim_cache/361-de6f2359c5ce257f5900aab42e71e860_farkbilisim.com_1440X1080--a--.jpg]
[citylinegroup.com.tr/sayfa/resim_cache/361-1beab193b674902fecd85112d9743cf3_farkbilisim.com_918X1080--a--.jpg]
[citylinegroup.com.tr/sayfa/resim_cache/361-f4f13b55c2739aa2b3b5060035e5be70_farkbilisim.com_918X1080--a--.jpg]
[citylinegroup.com.tr/sayfa/resim_cache/361-93775650870a844c531379b0ce5d8da0_farkbilisim.com_1080X1080--a--.jpg]
[citylinegroup.com.tr/sayfa/resim_cache/361-44778c6c116a7f22ed23828ef8377139_farkbilisim.com_864X1080--a--.jpg]
[citylinegroup.com.tr/sayfa/resim_cache/361-9317ef981755142fe4cc5fa94f4cb4b9_farkbilisim.com_1440X1080--a--.jpg]
[citylinegroup.com.tr/sayfa/resim_cache/361-50a767f7dc549e60fe81b78bcb3693c5_farkbilisim.com_864X1080--a--.jpg]
[citylinegroup.com.tr/sayfa/resim_cache/361-8a968853a0e0bd1d25ed18d239b64c58_farkbilisim.com_1080X1080--a--.jpg]
[citylinegroup.com.tr/sayfa/resim_cache/361-53af91efcad0ad3e8fba17e785c2dfd7_farkbilisim.com_756X1080--a--.jpg]
[citylinegroup.com.tr/sayfa/resim_cache/361-442804faaed931aa2f00cfe1b75d74ca_farkbilisim.com_756X1080--a--.jpg]
[citylinegroup.com.tr/sayfa/resim_cache/361-c1c2dcd870f84f4087b5b6e981cebd16_farkbilisim.com_1920X1080--a--.jpg]
[citylinegroup.com.tr/sayfa/resim_cache/361-9f57a86a133a018e91028033e65448af_farkbilisim.com_1920X1080--a--.jpg]
[citylinegroup.com.tr/sayfa/resim_cache/361-76401ccf3e0e4c71edff3128fd6f37a5_farkbilisim.com_1920X1080--a--.jpg]
[citylinegroup.com.tr/sayfa/resim_cache/361-f89def321cb5499ce6aaf93f1a1c1a27_farkbilisim.com_1920X1080--a--.jpg]
[citylinegroup.com.tr/sayfa/resim_cache/361-54f49b38a5a0a126b923a0b6966cf526_farkbilisim.com_1920X1080--a--.jpg]
[citylinegroup.com.tr/sayfa/resim_cache/361-95bde6f65b32a596c401a5d22e39fb42_farkbilisim.com_1920X1080--a--.jpg]
[citylinegroup.com.tr/sayfa/resim_cache/361-07f151ef876076c5441570a09a8601bb_farkbilisim.com_1920X1080--a--.jpg]
[citylinegroup.com.tr/sayfa/resim_cache/361-e11c49b948b9cdbd7169502de60806e6_farkbilisim.com_864X1080--a--.jpg]
[citylinegroup.com.tr/sayfa/resim_cache/361-6a1133934da6808753bcd2da4ec19d9c_farkbilisim.com_648X1080--a--.jpg]
[citylinegroup.com.tr/sayfa/resim_cache/361-a9cad9a2c4900ab791a29f8af00eec3f_farkbilisim.com_1440X1080--a--.jpg]
[citylinegroup.com.tr/sayfa/resim_cache/361-69a32500ddc77603f58485276f0ef4e0_farkbilisim.com_864X1080--a--.jpg]
[citylinegroup.com.tr/sayfa/resim_cache/361-9711bac40ac77f5b9aea72d45d86cd20_farkbilisim.com_1440X1080--a--.jpg]
[citylinegroup.com.tr/sayfa/resim_cache/361-7595e854e0562ac486272707c249e406_farkbilisim.com_1440X1080--a--.jpg]
[citylinegroup.com.tr/sayfa/resim_cache/361-42e5870e0f3596aa1fd6182f8690501d_farkbilisim.com_1728X1080--a--.jpg]
[citylinegroup.com.tr/sayfa/resim_cache/361-69a9ff892416d83a3f06ede01d4ecee1_farkbilisim.com_1920X960--a--.jpg]
[citylinegroup.com.tr/sayfa/resim_cache/361-528874ff6e8fe1e4d84dfcc11b6f70e8_farkbilisim.com_972X1080--a--.jpg]
[citylinegroup.com.tr/sayfa/resim_cache/361-7ce992ab919eba349466cde2cfae04e7_farkbilisim.com_1440X1080--a--.jpg]
[citylinegroup.com.tr/sayfa/resim_cache/361-06f57f705470bd39e59ef884e52e868f_farkbilisim.com_972X1080--a--.jpg]
[citylinegroup.com.tr/sayfa/resim_cache/361-f5a0e5b73e231871735c96f3177af774_farkbilisim.com_1188X1080--a--.jpg]
[citylinegroup.com.tr/sayfa/resim_cache/361-aec4070a903c5c736fc2cc89f729f2fc_farkbilisim.com_918X1080--a--.jpg]
[citylinegroup.com.tr/sayfa/resim_cache/361-e60dfb2794399aa8892f4f05bc270ed1_farkbilisim.com_1621X1080--a--.jpg]
[citylinegroup.com.tr/sayfa/resim_cache/361-1c00ed208fc5fcf1f9801ea74446ca14_farkbilisim.com_918X1080--a--.jpg]
[citylinegroup.com.tr/en/serenity_royal_beach.html]
[citylinegroup.com.tr/en/city_street.html]
[citylinegroup.com.tr/en/serenity_grand_kaptan.html]
[citylinegroup.com.tr/tr/tr/tr/serenity_grand_kaptan.html]
[citylinegroup.com.tr/tr/tr/tr/serenity_royal_beach.html]
[citylinegroup.com.tr/tr/tr/serenity_grand_kaptan.html]
[citylinegroup.com.tr/tr/tr/serenity_royal_beach.html]
[citylinegroup.com.tr/ru/ru/tr/tr/serenity_grand_kaptan.html]
[citylinegroup.com.tr/ru/ru/tr/tr/serenity_royal_beach.html]
[citylinegroup.com.tr/ru/ru/tr/serenity_grand_kaptan.html]
[citylinegroup.com.tr/ru/ru/tr/serenity_royal_beach.html]
[citylinegroup.com.tr/tr/exodus_residence.html]
[citylinegroup.com.tr/tr/city_marina.html]
[citylinegroup.com.tr/tr/city_office.html]
[citylinegroup.com.tr/tr/exodus_park_.html]
[citylinegroup.com.tr/en/en/tr/serenity_grand_kaptan.html]
[citylinegroup.com.tr/en/en/tr/serenity_royal_beach.html]
[citylinegroup.com.tr/en/en/serenity_grand_kaptan.html]
[citylinegroup.com.tr/en/en/serenity_royal_beach.html]
[citylinegroup.com.tr/en/exodus_residence.html]
[citylinegroup.com.tr/en/city_marina.html]
[citylinegroup.com.tr/en/city_office.html]
[citylinegroup.com.tr/en/exodus_park_.html]
[citylinegroup.com.tr/tr/tr/tr/tr/serenity_grand_kaptan.html]
[citylinegroup.com.tr/tr/tr/tr/tr/serenity_royal_beach.html]
[citylinegroup.com.tr/tr/tr/tr/serenity_grand_kaptan.html]
[citylinegroup.com.tr/tr/tr/tr/serenity_royal_beach.html]
[citylinegroup.com.tr/ru/ru/tr/tr/tr/serenity_grand_kaptan.html]
[citylinegroup.com.tr/ru/ru/tr/tr/tr/serenity_royal_beach.html]
[citylinegroup.com.tr/ru/ru/tr/tr/serenity_grand_kaptan.html]
[citylinegroup.com.tr/ru/ru/tr/tr/serenity_royal_beach.html]
[citylinegroup.com.tr/en/en/tr/tr/serenity_grand_kaptan.html]
[citylinegroup.com.tr/en/en/tr/tr/serenity_royal_beach.html]
[citylinegroup.com.tr/en/en/tr/serenity_grand_kaptan.html]
[citylinegroup.com.tr/en/en/tr/serenity_royal_beach.html]
[citylinegroup.com.tr/tr/tr/tr/tr/tr/serenity_grand_kaptan.html]
[citylinegroup.com.tr/tr/tr/tr/tr/tr/serenity_royal_beach.html]
[citylinegroup.com.tr/tr/tr/tr/tr/serenity_grand_kaptan.html]
[citylinegroup.com.tr/tr/tr/tr/tr/serenity_royal_beach.html]
[citylinegroup.com.tr/ru/ru/tr/tr/tr/tr/serenity_grand_kaptan.html]
[citylinegroup.com.tr/ru/ru/tr/tr/tr/tr/serenity_royal_beach.html]
[citylinegroup.com.tr/ru/ru/tr/tr/tr/serenity_grand_kaptan.html]
[citylinegroup.com.tr/ru/ru/tr/tr/tr/serenity_royal_beach.html]
[citylinegroup.com.tr/en/en/tr/tr/tr/serenity_grand_kaptan.html]
[citylinegroup.com.tr/en/en/tr/tr/tr/serenity_royal_beach.html]
[citylinegroup.com.tr/en/en/tr/tr/serenity_grand_kaptan.html]
[citylinegroup.com.tr/en/en/tr/tr/serenity_royal_beach.html]
[citylinegroup.com.tr/tr/tr/tr/tr/tr/tr/serenity_grand_kaptan.html]
[citylinegroup.com.tr/tr/tr/tr/tr/tr/tr/serenity_royal_beach.html]
[citylinegroup.com.tr/tr/tr/tr/tr/tr/serenity_grand_kaptan.html]
[citylinegroup.com.tr/tr/tr/tr/tr/tr/serenity_royal_beach.html]
[citylinegroup.com.tr/ru/ru/tr/tr/tr/tr/tr/serenity_grand_kaptan.html]
[citylinegroup.com.tr/ru/ru/tr/tr/tr/tr/tr/serenity_royal_beach.html]
[citylinegroup.com.tr/ru/ru/tr/tr/tr/tr/serenity_grand_kaptan.html]
[citylinegroup.com.tr/ru/ru/tr/tr/tr/tr/serenity_royal_beach.html]
[citylinegroup.com.tr/en/en/tr/tr/tr/tr/serenity_grand_kaptan.html]
[citylinegroup.com.tr/en/en/tr/tr/tr/tr/serenity_royal_beach.html]
[citylinegroup.com.tr/en/en/tr/tr/tr/serenity_grand_kaptan.html]
[citylinegroup.com.tr/en/en/tr/tr/tr/serenity_royal_beach.html]
[citylinegroup.com.tr/tr/tr/tr/tr/tr/tr/tr/serenity_grand_kaptan.html]
[citylinegroup.com.tr/tr/tr/tr/tr/tr/tr/tr/serenity_grand_kaptan.27c.delayed]
[citylinegroup.com.tr/fark/404.html]
[citylinegroup.com.tr/tr/tr/tr/tr/tr/tr/tr/serenity_royal_beach.27e.delayed]
[citylinegroup.com.tr/tr/tr/tr/tr/tr/tr/tr/serenity_royal_beach.27f.delayed]
[citylinegroup.com.tr/tr/tr/tr/tr/tr/tr/serenity_grand_kaptan.html]
[citylinegroup.com.tr/tr/tr/tr/tr/tr/tr/serenity_royal_beach.html]
[citylinegroup.com.tr/ru/ru/tr/tr/tr/tr/tr/tr/serenity_grand_kaptan.282.delayed]
[citylinegroup.com.tr/ru/ru/tr/tr/tr/tr/tr/tr/serenity_grand_kaptan.283.delayed]
[citylinegroup.com.tr/ru/ru/tr/tr/tr/tr/tr/tr/serenity_royal_beach.284.delayed]
[citylinegroup.com.tr/ru/ru/tr/tr/tr/tr/tr/tr/serenity_royal_beach.285.delayed]
[citylinegroup.com.tr/ru/ru/tr/tr/tr/tr/tr/serenity_grand_kaptan.html]
[citylinegroup.com.tr/ru/ru/tr/tr/tr/tr/tr/serenity_royal_beach.html]
[citylinegroup.com.tr/en/en/tr/tr/tr/tr/tr/serenity_grand_kaptan.28a.delayed]
[citylinegroup.com.tr/en/en/tr/tr/tr/tr/tr/serenity_grand_kaptan.28b.delayed]
[citylinegroup.com.tr/en/en/tr/tr/tr/tr/tr/serenity_royal_beach.28c.delayed]
[citylinegroup.com.tr/en/en/tr/tr/tr/tr/tr/serenity_royal_beach.28d.delayed]
[citylinegroup.com.tr/en/en/tr/tr/tr/tr/serenity_grand_kaptan.html]
[citylinegroup.com.tr/en/en/tr/tr/tr/tr/serenity_royal_beach.html]
[citylinegroup.com.tr/fark/images/default.png]
[citylinegroup.com.tr/fark/404.html]
[citylinegroup.com.tr/index.html]
[citylinegroup.com.tr/index.html]
[citylinegroup.com.tr/sayfa/files/fonts/glyphicons-halflings-regular.eot]
[citylinegroup.com.tr/sayfa/files/fonts/glyphicons-halflings-regulard41d.eot]
[citylinegroup.com.tr/sayfa/files/fonts/glyphicons-halflings-regular.woff]
[citylinegroup.com.tr/sayfa/files/fonts/glyphicons-halflings-regular.ttf]
[citylinegroup.com.tr/sayfa/files/css/bootstrap.min.css]
[citylinegroup.com.tr/sayfa/files/css/fontawesome/fonts/fontawesome-webfont3e6e.eot]
[citylinegroup.com.tr/sayfa/files/css/fontawesome/fonts/fontawesome-webfont.29ad41d.delayed]
[citylinegroup.com.tr/sayfa/files/css/fontawesome/fonts/fontawesome-webfont3e6e.woff]
[citylinegroup.com.tr/sayfa/files/css/fontawesome/fonts/fontawesome-webfont3e6e.ttf]
[citylinegroup.com.tr/sayfa/files/css/fontawesome/css/font-awesome.min.css]
[citylinegroup.com.tr/sayfa/files/css/owl.video.play.html]
[citylinegroup.com.tr/sayfa/files/css/owl.carousel.min.css]
[citylinegroup.com.tr/sayfa/files/css/magnific-popup.min.css]
[citylinegroup.com.tr/sayfa/files/css/loader.min.css]
[citylinegroup.com.tr/sayfa/files/images/background/bg7.html]
[citylinegroup.com.tr/sayfa/files/images/welcome-slider/bg-dot.jpg]
[citylinegroup.com.tr/sayfa/files/images/counter-bg.jpg]
[citylinegroup.com.tr/sayfa/files/css/style.css]
[citylinegroup.com.tr/sayfa/files/fonts/Flaticon.eot]
[citylinegroup.com.tr/sayfa/files/fonts/Flaticond41d.eot]
[citylinegroup.com.tr/sayfa/files/fonts/Flaticon.woff]
[citylinegroup.com.tr/sayfa/files/fonts/Flaticon.ttf]
[citylinegroup.com.tr/sayfa/files/css/flaticon.min.css]
[citylinegroup.com.tr/sayfa/files/css/skin/skin-3.css]
[citylinegroup.com.tr/sayfa/files/css/switcher.css]
[citylinegroup.com.tr/sayfa/files/plugins/revolution/revolution/fonts/revicons/revicons90c6.eot]
[citylinegroup.com.tr/sayfa/files/plugins/revolution/revolution/fonts/revicons/revicons90c6.woff]
[citylinegroup.com.tr/sayfa/files/plugins/revolution/revolution/fonts/revicons/revicons90c6.ttf]
[citylinegroup.com.tr/sayfa/files/plugins/revolution/revolution/assets/gridtile.png]
[citylinegroup.com.tr/sayfa/files/plugins/revolution/revolution/assets/gridtile_white.png]
[citylinegroup.com.tr/sayfa/files/plugins/revolution/revolution/assets/gridtile_3x3.png]
[citylinegroup.com.tr/sayfa/files/plugins/revolution/revolution/assets/gridtile_3x3_white.png]
[citylinegroup.com.tr/sayfa/files/plugins/revolution/revolution/assets/coloredbg.png]
[citylinegroup.com.tr/sayfa/files/plugins/revolution/revolution/assets/loader.gif]
[citylinegroup.com.tr/sayfa/files/plugins/revolution/revolution/css/settings.css]
[citylinegroup.com.tr/sayfa/files/plugins/revolution/revolution/css/navigation.css]
[citylinegroup.com.tr/ru/hakkimizda.html]
[citylinegroup.com.tr/ru/serenity_royal_beach.html]
[citylinegroup.com.tr/ru/serenity_grand_kaptan.html]
[citylinegroup.com.tr/ru/city_street.html]
[citylinegroup.com.tr/tr/serenity_residence.html]
[citylinegroup.com.tr/ru/ru/serenity_grand_kaptan.html]
[citylinegroup.com.tr/ru/exodus_residence.html]
[citylinegroup.com.tr/ru/city_marina.html]
[citylinegroup.com.tr/ru/city_office.html]
[citylinegroup.com.tr/ru/exodus_park_.html]
[citylinegroup.com.tr/index8eee.html]
[citylinegroup.com.tr/sayfa/files/css/fontawesome/fonts/fontawesome-webfontd41d.eot]
[citylinegroup.com.tr/tr/serenity_royal_beach.html]
[citylinegroup.com.tr/sayfa/resim_cache/351-e54ce681035ae123c61c42d68e4f4708_farkbilisim.com_4961X3508--a--a.jpg]
[citylinegroup.com.tr/sayfa/resim_cache/341-b36fbefc5b864665d3f4bb8184f1db41_farkbilisim.com_1920X1440--a--.jpg]
[citylinegroup.com.tr/sayfa/resim_cache/341-0be996fc131c2df00cadbf1041d6f970_farkbilisim.com_1920X1440--a--.jpg]
[citylinegroup.com.tr/sayfa/resim_cache/341-a0a89a55779c8f2221d18d5a6459bd2d_farkbilisim.com_1920X1440--a--.jpg]
[citylinegroup.com.tr/tr/tr/serenity_grand_kaptan.html]
[citylinegroup.com.tr/ru/ru/tr/serenity_grand_kaptan.html]
[citylinegroup.com.tr/tr/exodus_residence.html]
[citylinegroup.com.tr/tr/city_office.html]
[citylinegroup.com.tr/en/en/serenity_grand_kaptan.html]
[citylinegroup.com.tr/tr/tr/tr/serenity_grand_kaptan.html]
[citylinegroup.com.tr/sayfa/resim_cache/341-bcff374f457e29087bd289797f5e96d5_farkbilisim.com_1920X1440--a--.jpg]
[citylinegroup.com.tr/sayfa/files/fonts/glyphicons-halflings-regular.html]
[citylinegroup.com.tr/sayfa/files/fonts/glyphicons-halflings-regular.svg]
[citylinegroup.com.tr/sayfa/files/css/fontawesome/fonts/fontawesome-webfont3e6e.html]
[citylinegroup.com.tr/sayfa/files/css/fontawesome/fonts/fontawesome-webfont3e6e.svg]
[citylinegroup.com.tr/sayfa/files/css/tr/serenity_grand_kaptan.2e6.delayed]
[citylinegroup.com.tr/sayfa/files/css/tr/serenity_grand_kaptan.2e7.delayed]
[citylinegroup.com.tr/sayfa/files/css/tr/serenity_royal_beach.2e8.delayed]
[citylinegroup.com.tr/sayfa/files/css/tr/serenity_royal_beach.2e9.delayed]
[citylinegroup.com.tr/sayfa/files/css/owl.video.play.html]
[citylinegroup.com.tr/sayfa/files/images/background/tr/serenity_grand_kaptan.2ea.delayed]
[citylinegroup.com.tr/sayfa/files/images/background/tr/serenity_grand_kaptan.2eb.delayed]
[citylinegroup.com.tr/sayfa/files/images/background/tr/serenity_royal_beach.2ec.delayed]
[citylinegroup.com.tr/sayfa/files/images/background/tr/serenity_royal_beach.2ed.delayed]
[citylinegroup.com.tr/sayfa/files/images/background/bg7.html]
[citylinegroup.com.tr/sayfa/files/fonts/Flaticon.svg]
[citylinegroup.com.tr/sayfa/files/plugins/revolution/revolution/fonts/revicons/revicons90c6.svg]
[citylinegroup.com.tr/sayfa/files/plugins/revolution/revolution/css/openhand.html]
[citylinegroup.com.tr/sayfa/files/plugins/revolution/revolution/css/closedhand.html]
[citylinegroup.com.tr/ru/serenity_residence.html]
[citylinegroup.com.tr/sayfa/resim_cache/351-3fc8d85b4841d99c64b87ac2b5e382c3_farkbilisim.com_4961X3508--a--a.jpg]
